// Jest Snapshot v1, https://goo.gl/fbAQLP

exports[`Table[pagination] should render correctly 1`] = `
Array [
  <div
    className="so-table so-table-default so-table-hover so-table-vertical-top"
    style={Object {}}
  >
    <div
      className="so-table-head so-table-simple-head"
      style={
        Object {
          "overflowY": "hidden",
        }
      }
    >
      <table
        style={
          Object {
            "width": undefined,
          }
        }
      >
        <colgroup>
          <col
            style={
              Object {
                "width": undefined,
              }
            }
          />
          <col
            style={
              Object {
                "width": undefined,
              }
            }
          />
        </colgroup>
        <thead>
          <tr>
            <th
              className="so-table-center so-table-condensed"
              style={
                Object {
                  "padding": 0,
                }
              }
            />
            <th
              className=""
              rowSpan={1}
            >
              <div
                className=""
              >
                <span>
                  Name
                </span>
              </div>
            </th>
          </tr>
        </thead>
      </table>
    </div>
    <div
      className="so-table-simple-body"
      onScroll={[Function]}
    >
      <table
        style={
          Object {
            "width": undefined,
          }
        }
      >
        <colgroup>
          <col
            style={
              Object {
                "width": undefined,
              }
            }
          />
          <col
            style={
              Object {
                "width": undefined,
              }
            }
          />
        </colgroup>
        <tbody>
          <tr
            className="so-table-normal"
            onClick={[Function]}
          >
            <td
              className=""
              colSpan={1}
              style={Object {}}
            >
              0
            </td>
            <td
              className=""
              colSpan={1}
              style={Object {}}
            >
              Jack
            </td>
          </tr>
        </tbody>
      </table>
    </div>
  </div>,
  <div
    className="so-pagination so-pagination-default"
    style={Object {}}
  >
    <div
      className="so-pagination-links so-pagination-section"
    >
      <a
        className="so-pagination-item so-pagination-arrow"
        disabled={true}
        onMouseDown={[Function]}
      >
        <svg
          viewBox="0 0 1024 1024"
        >
          <path
            d="M589.994667 874.026667l120.704-120.661334L469.333333 512l241.365334-241.365333-120.704-120.661334-241.322667 241.365334L227.968 512l362.026667 362.026667z"
          />
        </svg>
      </a>
      <a
        className="so-pagination-item so-pagination-current"
        disabled={true}
        onMouseDown={[Function]}
      >
        1
      </a>
      <a
        className="so-pagination-item"
        disabled={false}
        onMouseDown={[Function]}
      >
        2
      </a>
      <a
        className="so-pagination-item"
        disabled={false}
        onMouseDown={[Function]}
      >
        3
      </a>
      <a
        className="so-pagination-item"
        disabled={false}
        onMouseDown={[Function]}
      >
        4
      </a>
      <a
        className="so-pagination-item so-pagination-arrow"
        disabled={false}
        onMouseDown={[Function]}
      >
        <svg
          viewBox="0 0 1024 1024"
        >
          <path
            d="M434.005333 874.026667l-120.704-120.661334L554.666667 512 313.301333 270.634667l120.704-120.661334 241.322667 241.365334L796.032 512l-362.026667 362.026667z"
          />
        </svg>
      </a>
    </div>
  </div>,
]
`;
