// Jest Snapshot v1, https://goo.gl/fbAQLP

exports[`Modal should render correctly 1`] = `"<div class=\\"so-modal-mask\\"></div><div class=\\"so-card so-card-shadow so-modal-panel so-modal-default\\" style=\\"position: relative; display: inline-flex; width: 500px; top: 10vh;\\"><a class=\\"so-modal-close\\"><svg viewBox=\\"0 0 1024 1024\\"><path d=\\"M749.568 138.666667l135.765333 135.765333L647.68 512l237.653333 237.568-135.765333 135.765333L512 647.68l-237.568 237.653333-135.765333-135.765333L376.234667 512 138.666667 274.432 274.432 138.666667 512 376.234667l237.568-237.568z\\"></path></svg></a><div class=\\"so-card-header so-modal-title\\">Modal Title</div><div class=\\"so-card-body\\">Modal Content</div></div>"`;
